
> infini8-homepage@0.1.0 build
> next build

  Γû▓ Next.js 14.2.35
  - Environments: .env

   Creating an optimized production build ...
 Γ£ô Compiled successfully
   Linting and checking validity of types ...

./components/PixelTransition.tsx
82:6  Warning: React Hook useEffect has missing dependencies: 'startReverseTransition' and 'startTransition'. Either include them or remove the dependency array.  react-hooks/exhaustive-deps

./components/Services.tsx
74:16  Warning: The ref value 'cardsRef.current' will likely have changed by the time this effect cleanup function runs. If this ref points to a node rendered by React, copy 'cardsRef.current' to a variable inside the effect, and use that variable in the cleanup function.  react-hooks/exhaustive-deps

info  - Need to disable some ESLint rules? Learn more here: https://nextjs.org/docs/basic-features/eslint#disabling-rules
   Collecting page data ...
   Generating static pages (0/9) ...
   Generating static pages (2/9) 
   Generating static pages (4/9) 
   Generating static pages (6/9) 
 Γ£ô Generating static pages (9/9)
   Finalizing page optimization ...
   Collecting build traces ...

Route (app)                              Size     First Load JS
Γöî Γùï /                                    14.7 kB         147 kB
Γö£ Γùï /_not-found                          873 B          88.2 kB
Γö£ ╞Æ /api/contact                         0 B                0 B
Γö£ Γùï /cookie-policy                       892 B            97 kB
Γö£ Γùï /infini8-voice                       9.49 kB         145 kB
Γö£ Γùï /privacy-policy                      5.35 kB         105 kB
Γöö Γùï /terms-of-service                    892 B            97 kB
+ First Load JS shared by all            87.3 kB
  Γö£ chunks/117-101b1a729b1c85ce.js       31.7 kB
  Γö£ chunks/fd9d1056-1f1f859026f5f0fa.js  53.6 kB
  Γöö other shared chunks (total)          1.95 kB


Γùï  (Static)   prerendered as static content
╞Æ  (Dynamic)  server-rendered on demand

